[96mmocks/browser-mocks.ts[0m:[93m3[0m:[93m43[0m - [91merror[0m[90m TS2352: [0mConversion of type 'typeof globalThis' to type 'GlobalWithFetchMock' may be a mistake because neither type sufficiently overlaps with the other. If this was intentional, convert the expression to 'unknown' first.
  Property 'fetchMock' is missing in type 'typeof globalThis' but required in type 'GlobalWithFetchMock'.

[7m3[0m const customGlobal: GlobalWithFetchMock = global as GlobalWithFetchMock;
[7m [0m [91m                                          ~~~~~~~~~~~~~~~~~~~~~~~~~~~~~[0m

  [96mnode_modules/jest-fetch-mock/types/index.d.ts[0m:[93m15[0m:[93m5[0m
    [7m15[0m     fetchMock: FetchMock;
    [7m  [0m [96m    ~~~~~~~~~[0m
    'fetchMock' is declared here.

[96msrc/app.tsx[0m:[93m32[0m:[93m19[0m - [91merror[0m[90m TS2769: [0mNo overload matches this call.
  The last overload gave the following error.
    Argument of type 'Element' is not assignable to parameter of type 'ReactElement<any, string | JSXElementConstructor<any>>[]'.
      Type 'ReactElement<any, any>' is missing the following properties from type 'ReactElement<any, string | JSXElementConstructor<any>>[]': length, pop, push, concat, and 28 more.

[7m32[0m   ReactDOM.render(<App />, document.getElementById("root"), resolve);
[7m  [0m [91m                  ~~~~~~~[0m

  [96mnode_modules/@types/react-dom/index.d.ts[0m:[93m144[0m:[93m5[0m
    [7m144[0m     (
    [7m   [0m [96m    ~[0m
    [7m145[0m         element: ReactElement[],
    [7m   [0m [96m~~~~~~~~~~~~~~~~~~~~~~~~~~~~~~~~[0m
    [7m...[0m 
    [7m148[0m         // eslint-disable-next-line @typescript-eslint/no-invalid-void-type
    [7m   [0m [96m~~~~~~~~~~~~~~~~~~~~~~~~~~~~~~~~~~~~~~~~~~~~~~~~~~~~~~~~~~~~~~~~~~~~~~~~~~~[0m
    [7m149[0m     ): Component<any, ComponentState> | Element | void;
    [7m   [0m [96m~~~~~~~~~~~~~~~~~~~~~~~~~~~~~~~~~~~~~~~~~~~~~~~~~~~~~~~[0m
    The last overload is declared here.

[96msrc/common-components/pick-files/crop.tsx[0m:[93m16[0m:[93m28[0m - [91merror[0m[90m TS2339: [0mProperty 'default' does not exist on type 'typeof AvatarEditor'.

[7m16[0m const Editor = ImageEditor.default || ImageEditor;
[7m  [0m [91m                           ~~~~~~~[0m

[96msrc/common-components/pick-files/crop.tsx[0m:[93m38[0m:[93m6[0m - [91merror[0m[90m TS2322: [0mType '{ children: Element[]; modalProps: { className: string; }; hidden: false; onDismiss: () => void; }' is not assignable to type 'IntrinsicAttributes & IDialogProps'.
  Property 'children' does not exist on type 'IntrinsicAttributes & IDialogProps'.

[7m38[0m     <Dialog
[7m  [0m [91m     ~~~~~~[0m

[96msrc/common-components/pick-files/pick-files.tsx[0m:[93m141[0m:[93m17[0m - [91merror[0m[90m TS2339: [0mProperty 'children' does not exist on type 'Readonly<{ allowMultiple?: boolean | undefined; accept: string[]; onFinish: (URI: string[]) => void; onStartLoading?: (() => void) | undefined; onFinishLoading?: (() => void) | undefined; targetDir: string; crop?: boolean | undefined; prevSrc?: string | undefined; disabled?: boolean | undefined; }>'.

[7m141[0m      this.props.children
[7m   [0m [91m                ~~~~~~~~[0m

[96msrc/common-components/section.tsx[0m:[93m39[0m:[93m19[0m - [91merror[0m[90m TS2339: [0mProperty 'children' does not exist on type 'Readonly<{ title: string; zIndex?: number | undefined; }>'.

[7m39[0m       {this.props.children}
[7m  [0m [91m                  ~~~~~~~~[0m

[96msrc/core/db/index.ts[0m:[93m99[0m:[93m29[0m - [91merror[0m[90m TS2344: [0mType 'S' does not satisfy the constraint '{}'.

[7m99[0m ): Promise<PouchDB.Database<S>> {
[7m  [0m [91m                            ~[0m

  [96msrc/core/db/index.ts[0m:[93m97[0m:[93m40[0m
    [7m97[0m export async function genLocalInstance<S = any>(
    [7m  [0m [96m                                       ~~~~~~~[0m
    This type parameter might need an `extends {}` constraint.

[96msrc/core/db/index.ts[0m:[93m103[0m:[93m15[0m - [91merror[0m[90m TS2344: [0mType 'S' does not satisfy the constraint '{}'.

[7m103[0m   new PouchDB<S>(localName, { auto_compaction: true, revs_limit: 2 }),
[7m   [0m [91m              ~[0m

  [96msrc/core/db/index.ts[0m:[93m97[0m:[93m40[0m
    [7m97[0m export async function genLocalInstance<S = any>(
    [7m  [0m [96m                                       ~~~~~~~[0m
    This type parameter might need an `extends {}` constraint.

[96msrc/core/db/index.ts[0m:[93m112[0m:[93m15[0m - [91merror[0m[90m TS2344: [0mType 'S' does not satisfy the constraint '{}'.

[7m112[0m   new PouchDB<S>(`${status.server}/${remoteName}`, {
[7m   [0m [91m              ~[0m

  [96msrc/core/db/index.ts[0m:[93m108[0m:[93m41[0m
    [7m108[0m export async function genRemoteInstance<S = any>(dbName: string) {
    [7m   [0m [96m                                        ~~~~~~~[0m
    This type parameter might need an `extends {}` constraint.

[96msrc/core/db/index.ts[0m:[93m115[0m:[93m12[0m - [91merror[0m[90m TS7006: [0mParameter 'url' implicitly has an 'any' type.

[7m115[0m    fetch: (url, opts) => {
[7m   [0m [91m           ~~~[0m

[96msrc/core/db/index.ts[0m:[93m115[0m:[93m17[0m - [91merror[0m[90m TS7006: [0mParameter 'opts' implicitly has an 'any' type.

[7m115[0m    fetch: (url, opts) => {
[7m   [0m [91m                ~~~~[0m

[96msrc/core/db/index.ts[0m:[93m136[0m:[93m23[0m - [91merror[0m[90m TS2344: [0mType 'S' does not satisfy the constraint '{}'.

[7m136[0m  db: PouchDB.Database<S>,
[7m   [0m [91m                      ~[0m

  [96msrc/core/db/index.ts[0m:[93m135[0m:[93m39[0m
    [7m135[0m export function remoteTransformations<S>(
    [7m   [0m [96m                                      ~[0m
    This type parameter might need an `extends {}` constraint.

[96msrc/core/db/index.ts[0m:[93m138[0m:[93m21[0m - [91merror[0m[90m TS2344: [0mType 'S' does not satisfy the constraint '{}'.

[7m138[0m ): PouchDB.Database<S> {
[7m   [0m [91m                    ~[0m

  [96msrc/core/db/index.ts[0m:[93m135[0m:[93m39[0m
    [7m135[0m export function remoteTransformations<S>(
    [7m   [0m [96m                                      ~[0m
    This type parameter might need an `extends {}` constraint.

[96msrc/core/db/index.ts[0m:[93m140[0m:[93m3[0m - [91merror[0m[90m TS2345: [0mArgument of type 'Database<S>' is not assignable to parameter of type 'Database<{}>'.
  Type 'S' is not assignable to type '{}'.

[7m140[0m   db,
[7m   [0m [91m  ~~[0m

  [96msrc/core/db/index.ts[0m:[93m135[0m:[93m39[0m
    [7m135[0m export function remoteTransformations<S>(
    [7m   [0m [96m                                      ~[0m
    This type parameter might need an `extends {}` constraint.

[96msrc/core/db/index.ts[0m:[93m149[0m:[93m23[0m - [91merror[0m[90m TS2344: [0mType 'S' does not satisfy the constraint '{}'.

[7m149[0m  db: PouchDB.Database<S>,
[7m   [0m [91m                      ~[0m

  [96msrc/core/db/index.ts[0m:[93m148[0m:[93m37[0m
    [7m148[0m export function localTransformation<S>(
    [7m   [0m [96m                                    ~[0m
    This type parameter might need an `extends {}` constraint.

[96msrc/core/db/index.ts[0m:[93m151[0m:[93m21[0m - [91merror[0m[90m TS2344: [0mType 'S' does not satisfy the constraint '{}'.

[7m151[0m ): PouchDB.Database<S> {
[7m   [0m [91m                    ~[0m

  [96msrc/core/db/index.ts[0m:[93m148[0m:[93m37[0m
    [7m148[0m export function localTransformation<S>(
    [7m   [0m [96m                                    ~[0m
    This type parameter might need an `extends {}` constraint.

[96msrc/core/db/index.ts[0m:[93m153[0m:[93m3[0m - [91merror[0m[90m TS2345: [0mArgument of type 'Database<S>' is not assignable to parameter of type 'Database<{}>'.
  Type 'S' is not assignable to type '{}'.

[7m153[0m   db,
[7m   [0m [91m  ~~[0m

  [96msrc/core/db/index.ts[0m:[93m148[0m:[93m37[0m
    [7m148[0m export function localTransformation<S>(
    [7m   [0m [96m                                    ~[0m
    This type parameter might need an `extends {}` constraint.

[96msrc/core/db/index.ts[0m:[93m182[0m:[93m2[0m - [91merror[0m[90m TS2322: [0mType 'Database<S>' is not assignable to type 'Database<{}>'.
  Type 'S' is not assignable to type '{}'.

[7m182[0m  localDBRefs[refI] = localDatabase;
[7m   [0m [91m ~~~~~~~~~~~~~~~~~[0m

  [96msrc/core/db/index.ts[0m:[93m160[0m:[93m31[0m
    [7m160[0m export async function connect<S>(dbName: string, defaults: any) {
    [7m   [0m [96m                              ~[0m
    This type parameter might need an `extends {}` constraint.

[96msrc/core/db/index.ts[0m:[93m183[0m:[93m2[0m - [91merror[0m[90m TS2322: [0mType 'Database<S>' is not assignable to type 'Database<{}>'.

[7m183[0m  remoteDBRefs[refI] = remoteDatabase;
[7m   [0m [91m ~~~~~~~~~~~~~~~~~~[0m

[96msrc/core/db/index.ts[0m:[93m186[0m:[93m29[0m - [91merror[0m[90m TS2345: [0mArgument of type 'Database<S>' is not assignable to parameter of type 'string | Database<{}>'.
  Type 'Database<S>' is not assignable to type 'Database<{}>'.

[7m186[0m    await localDatabase.sync(remoteDatabase, {
[7m   [0m [91m                            ~~~~~~~~~~~~~~[0m

[96msrc/core/internationalization/lang.test.ts[0m:[93m7[0m:[93m33[0m - [91merror[0m[90m TS2345: [0mArgument of type '(done: DoneCallback) => Promise<void>' is not assignable to parameter of type 'ProvidesCallback | undefined'.
  Type '(done: DoneCallback) => Promise<void>' is not assignable to type '(cb: DoneCallback) => void | undefined'.
    Type 'Promise<void>' is not assignable to type 'void'.

[7m7[0m  it("Setting another language", async (done) => {
[7m [0m [91m                                ~~~~~~~~~~~~~~~~~[0m

[96msrc/core/services/files.test.ts[0m:[93m1[0m:[93m36[0m - [91merror[0m[90m TS2307: [0mCannot find module '../../secrets' or its corresponding type declarations.

[7m1[0m import { dropboxAccessToken } from "../../secrets";
[7m [0m [91m                                   ~~~~~~~~~~~~~~~[0m

[96msrc/core/services/files.test.ts[0m:[93m41[0m:[93m36[0m - [91merror[0m[90m TS2345: [0mArgument of type '(done: DoneCallback) => Promise<void>' is not assignable to parameter of type 'ProvidesCallback | undefined'.
  Type '(done: DoneCallback) => Promise<void>' is not assignable to type '(cb: DoneCallback) => void | undefined'.
    Type 'Promise<void>' is not assignable to type 'void'.

[7m41[0m   it("saves, gets, removes files", async (done) => {
[7m  [0m [91m                                   ~~~~~~~~~~~~~~~~~[0m

[96msrc/core/services/files.ts[0m:[93m270[0m:[93m21[0m - [91merror[0m[90m TS2345: [0mArgument of type 'string | undefined' is not assignable to parameter of type 'string'.
  Type 'undefined' is not assignable to type 'string'.

[7m270[0m   return JSON.parse(await get(path)).file;
[7m   [0m [91m                    ~~~~~~~~~~~~~~~[0m

[96msrc/main-components/main.tsx[0m:[93m59[0m:[93m21[0m - [91merror[0m[90m TS2339: [0mProperty 'children' does not exist on type 'Readonly<{}>'.

[7m59[0m   return this.props.children;
[7m  [0m [91m                    ~~~~~~~~[0m

[96msrc/main-components/main.tsx[0m:[93m142[0m:[93m5[0m - [91merror[0m[90m TS2769: [0mNo overload matches this call.
  Overload 1 of 2, '(props: {}): ErrorBoundaryView', gave the following error.
    Type '{ children: Element[]; key: LoginStep; }' is not assignable to type 'IntrinsicAttributes & IntrinsicClassAttributes<ErrorBoundaryView> & Readonly<{}>'.
      Property 'children' does not exist on type 'IntrinsicAttributes & IntrinsicClassAttributes<ErrorBoundaryView> & Readonly<{}>'.
  Overload 2 of 2, '(props: {}, context: any): ErrorBoundaryView', gave the following error.
    Type '{ children: Element[]; key: LoginStep; }' is not assignable to type 'IntrinsicAttributes & IntrinsicClassAttributes<ErrorBoundaryView> & Readonly<{}>'.
      Property 'children' does not exist on type 'IntrinsicAttributes & IntrinsicClassAttributes<ErrorBoundaryView> & Readonly<{}>'.

[7m142[0m    <ErrorBoundaryView key={core.status.step}>
[7m   [0m [91m    ~~~~~~~~~~~~~~~~~[0m


[96msrc/main-components/user.tsx[0m:[93m78[0m:[93m7[0m - [91merror[0m[90m TS2769: [0mNo overload matches this call.
  Overload 1 of 2, '(props: { title: string; zIndex?: number | undefined; }): SectionComponent', gave the following error.
    Type '{ children: Element; title: string; }' is not assignable to type 'IntrinsicAttributes & IntrinsicClassAttributes<SectionComponent> & Readonly<{ title: string; zIndex?: number | undefined; }>'.
      Property 'children' does not exist on type 'IntrinsicAttributes & IntrinsicClassAttributes<SectionComponent> & Readonly<{ title: string; zIndex?: number | undefined; }>'.
  Overload 2 of 2, '(props: { title: string; zIndex?: number | undefined; }, context: any): SectionComponent', gave the following error.
    Type '{ children: Element; title: string; }' is not assignable to type 'IntrinsicAttributes & IntrinsicClassAttributes<SectionComponent> & Readonly<{ title: string; zIndex?: number | undefined; }>'.
      Property 'children' does not exist on type 'IntrinsicAttributes & IntrinsicClassAttributes<SectionComponent> & Readonly<{ title: string; zIndex?: number | undefined; }>'.

[7m78[0m      <SectionComponent title={text("appointments for today").h}>
[7m  [0m [91m      ~~~~~~~~~~~~~~~~[0m


[96msrc/main-components/user.tsx[0m:[93m113[0m:[93m7[0m - [91merror[0m[90m TS2769: [0mNo overload matches this call.
  Overload 1 of 2, '(props: { title: string; zIndex?: number | undefined; }): SectionComponent', gave the following error.
    Type '{ children: Element; title: string; }' is not assignable to type 'IntrinsicAttributes & IntrinsicClassAttributes<SectionComponent> & Readonly<{ title: string; zIndex?: number | undefined; }>'.
      Property 'children' does not exist on type 'IntrinsicAttributes & IntrinsicClassAttributes<SectionComponent> & Readonly<{ title: string; zIndex?: number | undefined; }>'.
  Overload 2 of 2, '(props: { title: string; zIndex?: number | undefined; }, context: any): SectionComponent', gave the following error.
    Type '{ children: Element; title: string; }' is not assignable to type 'IntrinsicAttributes & IntrinsicClassAttributes<SectionComponent> & Readonly<{ title: string; zIndex?: number | undefined; }>'.
      Property 'children' does not exist on type 'IntrinsicAttributes & IntrinsicClassAttributes<SectionComponent> & Readonly<{ title: string; zIndex?: number | undefined; }>'.

[7m113[0m      <SectionComponent
[7m   [0m [91m      ~~~~~~~~~~~~~~~~[0m


[96msrc/modules/appointments/components/appointment-editor.tsx[0m:[93m244[0m:[93m9[0m - [91merror[0m[90m TS2769: [0mNo overload matches this call.
  Overload 1 of 2, '(props: { title: string; zIndex?: number | undefined; }): SectionComponent', gave the following error.
    Type '{ children: (string | Element)[]; title: string; }' is not assignable to type 'IntrinsicAttributes & IntrinsicClassAttributes<SectionComponent> & Readonly<{ title: string; zIndex?: number | undefined; }>'.
      Property 'children' does not exist on type 'IntrinsicAttributes & IntrinsicClassAttributes<SectionComponent> & Readonly<{ title: string; zIndex?: number | undefined; }>'.
  Overload 2 of 2, '(props: { title: string; zIndex?: number | undefined; }, context: any): SectionComponent', gave the following error.
    Type '{ children: (string | Element)[]; title: string; }' is not assignable to type 'IntrinsicAttributes & IntrinsicClassAttributes<SectionComponent> & Readonly<{ title: string; zIndex?: number | undefined; }>'.
      Property 'children' does not exist on type 'IntrinsicAttributes & IntrinsicClassAttributes<SectionComponent> & Readonly<{ title: string; zIndex?: number | undefined; }>'.

[7m244[0m        <SectionComponent title={text("appointment").h}>
[7m   [0m [91m        ~~~~~~~~~~~~~~~~[0m


[96msrc/modules/appointments/components/appointment-editor.tsx[0m:[93m742[0m:[93m9[0m - [91merror[0m[90m TS2769: [0mNo overload matches this call.
  Overload 1 of 2, '(props: { title: string; zIndex?: number | undefined; }): SectionComponent', gave the following error.
    Type '{ children: (string | Element)[]; title: string; }' is not assignable to type 'IntrinsicAttributes & IntrinsicClassAttributes<SectionComponent> & Readonly<{ title: string; zIndex?: number | undefined; }>'.
      Property 'children' does not exist on type 'IntrinsicAttributes & IntrinsicClassAttributes<SectionComponent> & Readonly<{ title: string; zIndex?: number | undefined; }>'.
  Overload 2 of 2, '(props: { title: string; zIndex?: number | undefined; }, context: any): SectionComponent', gave the following error.
    Type '{ children: (string | Element)[]; title: string; }' is not assignable to type 'IntrinsicAttributes & IntrinsicClassAttributes<SectionComponent> & Readonly<{ title: string; zIndex?: number | undefined; }>'.
      Property 'children' does not exist on type 'IntrinsicAttributes & IntrinsicClassAttributes<SectionComponent> & Readonly<{ title: string; zIndex?: number | undefined; }>'.

[7m742[0m        <SectionComponent
[7m   [0m [91m        ~~~~~~~~~~~~~~~~[0m


[96msrc/modules/labwork/components/page.labwork.tsx[0m:[93m320[0m:[93m11[0m - [91merror[0m[90m TS2769: [0mNo overload matches this call.
  Overload 1 of 2, '(props: { title: string; zIndex?: number | undefined; }): SectionComponent', gave the following error.
    Type '{ children: Element[]; title: string; }' is not assignable to type 'IntrinsicAttributes & IntrinsicClassAttributes<SectionComponent> & Readonly<{ title: string; zIndex?: number | undefined; }>'.
      Property 'children' does not exist on type 'IntrinsicAttributes & IntrinsicClassAttributes<SectionComponent> & Readonly<{ title: string; zIndex?: number | undefined; }>'.
  Overload 2 of 2, '(props: { title: string; zIndex?: number | undefined; }, context: any): SectionComponent', gave the following error.
    Type '{ children: Element[]; title: string; }' is not assignable to type 'IntrinsicAttributes & IntrinsicClassAttributes<SectionComponent> & Readonly<{ title: string; zIndex?: number | undefined; }>'.
      Property 'children' does not exist on type 'IntrinsicAttributes & IntrinsicClassAttributes<SectionComponent> & Readonly<{ title: string; zIndex?: number | undefined; }>'.

[7m320[0m          <SectionComponent
[7m   [0m [91m          ~~~~~~~~~~~~~~~~[0m


[96msrc/modules/labwork/components/page.labwork.tsx[0m:[93m465[0m:[93m11[0m - [91merror[0m[90m TS2769: [0mNo overload matches this call.
  Overload 1 of 2, '(props: { title: string; zIndex?: number | undefined; }): SectionComponent', gave the following error.
    Type '{ children: Element[]; title: string; }' is not assignable to type 'IntrinsicAttributes & IntrinsicClassAttributes<SectionComponent> & Readonly<{ title: string; zIndex?: number | undefined; }>'.
      Property 'children' does not exist on type 'IntrinsicAttributes & IntrinsicClassAttributes<SectionComponent> & Readonly<{ title: string; zIndex?: number | undefined; }>'.
  Overload 2 of 2, '(props: { title: string; zIndex?: number | undefined; }, context: any): SectionComponent', gave the following error.
    Type '{ children: Element[]; title: string; }' is not assignable to type 'IntrinsicAttributes & IntrinsicClassAttributes<SectionComponent> & Readonly<{ title: string; zIndex?: number | undefined; }>'.
      Property 'children' does not exist on type 'IntrinsicAttributes & IntrinsicClassAttributes<SectionComponent> & Readonly<{ title: string; zIndex?: number | undefined; }>'.

[7m465[0m          <SectionComponent
[7m   [0m [91m          ~~~~~~~~~~~~~~~~[0m


[96msrc/modules/patients/components/dental-history.tsx[0m:[93m64[0m:[93m9[0m - [91merror[0m[90m TS2769: [0mNo overload matches this call.
  Overload 1 of 2, '(props: { title: string; zIndex?: number | undefined; }): SectionComponent', gave the following error.
    Type '{ children: Element; title: string; }' is not assignable to type 'IntrinsicAttributes & IntrinsicClassAttributes<SectionComponent> & Readonly<{ title: string; zIndex?: number | undefined; }>'.
      Property 'children' does not exist on type 'IntrinsicAttributes & IntrinsicClassAttributes<SectionComponent> & Readonly<{ title: string; zIndex?: number | undefined; }>'.
  Overload 2 of 2, '(props: { title: string; zIndex?: number | undefined; }, context: any): SectionComponent', gave the following error.
    Type '{ children: Element; title: string; }' is not assignable to type 'IntrinsicAttributes & IntrinsicClassAttributes<SectionComponent> & Readonly<{ title: string; zIndex?: number | undefined; }>'.
      Property 'children' does not exist on type 'IntrinsicAttributes & IntrinsicClassAttributes<SectionComponent> & Readonly<{ title: string; zIndex?: number | undefined; }>'.

[7m64[0m        <SectionComponent title={text(`permanent teeth`).h}>
[7m  [0m [91m        ~~~~~~~~~~~~~~~~[0m


[96msrc/modules/patients/components/dental-history.tsx[0m:[93m74[0m:[93m9[0m - [91merror[0m[90m TS2769: [0mNo overload matches this call.
  Overload 1 of 2, '(props: { title: string; zIndex?: number | undefined; }): SectionComponent', gave the following error.
    Type '{ children: Element; title: string; }' is not assignable to type 'IntrinsicAttributes & IntrinsicClassAttributes<SectionComponent> & Readonly<{ title: string; zIndex?: number | undefined; }>'.
      Property 'children' does not exist on type 'IntrinsicAttributes & IntrinsicClassAttributes<SectionComponent> & Readonly<{ title: string; zIndex?: number | undefined; }>'.
  Overload 2 of 2, '(props: { title: string; zIndex?: number | undefined; }, context: any): SectionComponent', gave the following error.
    Type '{ children: Element; title: string; }' is not assignable to type 'IntrinsicAttributes & IntrinsicClassAttributes<SectionComponent> & Readonly<{ title: string; zIndex?: number | undefined; }>'.
      Property 'children' does not exist on type 'IntrinsicAttributes & IntrinsicClassAttributes<SectionComponent> & Readonly<{ title: string; zIndex?: number | undefined; }>'.

[7m74[0m        <SectionComponent title={text(`deciduous teeth`).h}>
[7m  [0m [91m        ~~~~~~~~~~~~~~~~[0m


[96msrc/modules/patients/components/dental-history.tsx[0m:[93m87[0m:[93m9[0m - [91merror[0m[90m TS2769: [0mNo overload matches this call.
  Overload 1 of 2, '(props: { title: string; zIndex?: number | undefined; }): SectionComponent', gave the following error.
    Type '{ children: Element; title: string; }' is not assignable to type 'IntrinsicAttributes & IntrinsicClassAttributes<SectionComponent> & Readonly<{ title: string; zIndex?: number | undefined; }>'.
      Property 'children' does not exist on type 'IntrinsicAttributes & IntrinsicClassAttributes<SectionComponent> & Readonly<{ title: string; zIndex?: number | undefined; }>'.
  Overload 2 of 2, '(props: { title: string; zIndex?: number | undefined; }, context: any): SectionComponent', gave the following error.
    Type '{ children: Element; title: string; }' is not assignable to type 'IntrinsicAttributes & IntrinsicClassAttributes<SectionComponent> & Readonly<{ title: string; zIndex?: number | undefined; }>'.
      Property 'children' does not exist on type 'IntrinsicAttributes & IntrinsicClassAttributes<SectionComponent> & Readonly<{ title: string; zIndex?: number | undefined; }>'.

[7m87[0m        <SectionComponent title={text(`permanent teeth`).h}>
[7m  [0m [91m        ~~~~~~~~~~~~~~~~[0m


[96msrc/modules/patients/components/dental-history.tsx[0m:[93m105[0m:[93m9[0m - [91merror[0m[90m TS2769: [0mNo overload matches this call.
  Overload 1 of 2, '(props: { title: string; zIndex?: number | undefined; }): SectionComponent', gave the following error.
    Type '{ children: Element; title: string; }' is not assignable to type 'IntrinsicAttributes & IntrinsicClassAttributes<SectionComponent> & Readonly<{ title: string; zIndex?: number | undefined; }>'.
      Property 'children' does not exist on type 'IntrinsicAttributes & IntrinsicClassAttributes<SectionComponent> & Readonly<{ title: string; zIndex?: number | undefined; }>'.
  Overload 2 of 2, '(props: { title: string; zIndex?: number | undefined; }, context: any): SectionComponent', gave the following error.
    Type '{ children: Element; title: string; }' is not assignable to type 'IntrinsicAttributes & IntrinsicClassAttributes<SectionComponent> & Readonly<{ title: string; zIndex?: number | undefined; }>'.
      Property 'children' does not exist on type 'IntrinsicAttributes & IntrinsicClassAttributes<SectionComponent> & Readonly<{ title: string; zIndex?: number | undefined; }>'.

[7m105[0m        <SectionComponent title={text(`deciduous teeth`).h}>
[7m   [0m [91m        ~~~~~~~~~~~~~~~~[0m


[96msrc/modules/patients/components/gallery.tsx[0m:[93m55[0m:[93m5[0m - [91merror[0m[90m TS2769: [0mNo overload matches this call.
  Overload 1 of 2, '(props: { title: string; zIndex?: number | undefined; }): SectionComponent', gave the following error.
    Type '{ children: Element; title: string; }' is not assignable to type 'IntrinsicAttributes & IntrinsicClassAttributes<SectionComponent> & Readonly<{ title: string; zIndex?: number | undefined; }>'.
      Property 'children' does not exist on type 'IntrinsicAttributes & IntrinsicClassAttributes<SectionComponent> & Readonly<{ title: string; zIndex?: number | undefined; }>'.
  Overload 2 of 2, '(props: { title: string; zIndex?: number | undefined; }, context: any): SectionComponent', gave the following error.
    Type '{ children: Element; title: string; }' is not assignable to type 'IntrinsicAttributes & IntrinsicClassAttributes<SectionComponent> & Readonly<{ title: string; zIndex?: number | undefined; }>'.
      Property 'children' does not exist on type 'IntrinsicAttributes & IntrinsicClassAttributes<SectionComponent> & Readonly<{ title: string; zIndex?: number | undefined; }>'.

[7m55[0m    <SectionComponent title={text(`patient gallery`).h}>
[7m  [0m [91m    ~~~~~~~~~~~~~~~~[0m


[96msrc/modules/patients/components/gallery.tsx[0m:[93m98[0m:[93m12[0m - [91merror[0m[90m TS2769: [0mNo overload matches this call.
  Overload 1 of 2, '(props: { allowMultiple?: boolean | undefined; accept: string[]; onFinish: (URI: string[]) => void; onStartLoading?: (() => void) | undefined; onFinishLoading?: (() => void) | undefined; targetDir: string; crop?: boolean | undefined; prevSrc?: string | undefined; disabled?: boolean | undefined; }): PickAndUploadComponent', gave the following error.
    Type '{ children: Element; allowMultiple: true; accept: string[]; onFinish: (paths: string[]) => void; onStartLoading: () => void; onFinishLoading: () => void; targetDir: string; }' is not assignable to type 'IntrinsicAttributes & IntrinsicClassAttributes<PickAndUploadComponent> & Readonly<{ allowMultiple?: boolean | undefined; ... 7 more ...; disabled?: boolean | undefined; }>'.
      Property 'children' does not exist on type 'IntrinsicAttributes & IntrinsicClassAttributes<PickAndUploadComponent> & Readonly<{ allowMultiple?: boolean | undefined; ... 7 more ...; disabled?: boolean | undefined; }>'.
  Overload 2 of 2, '(props: { allowMultiple?: boolean | undefined; accept: string[]; onFinish: (URI: string[]) => void; onStartLoading?: (() => void) | undefined; onFinishLoading?: (() => void) | undefined; targetDir: string; crop?: boolean | undefined; prevSrc?: string | undefined; disabled?: boolean | undefined; }, context: any): PickAndUploadComponent', gave the following error.
    Type '{ children: Element; allowMultiple: true; accept: string[]; onFinish: (paths: string[]) => void; onStartLoading: () => void; onFinishLoading: () => void; targetDir: string; }' is not assignable to type 'IntrinsicAttributes & IntrinsicClassAttributes<PickAndUploadComponent> & Readonly<{ allowMultiple?: boolean | undefined; ... 7 more ...; disabled?: boolean | undefined; }>'.
      Property 'children' does not exist on type 'IntrinsicAttributes & IntrinsicClassAttributes<PickAndUploadComponent> & Readonly<{ allowMultiple?: boolean | undefined; ... 7 more ...; disabled?: boolean | undefined; }>'.

[7m98[0m           <PickAndUploadComponent
[7m  [0m [91m           ~~~~~~~~~~~~~~~~~~~~~~[0m


[96msrc/modules/patients/components/patient-appointments.tsx[0m:[93m49[0m:[93m6[0m - [91merror[0m[90m TS2769: [0mNo overload matches this call.
  Overload 1 of 2, '(props: { title: string; zIndex?: number | undefined; }): SectionComponent', gave the following error.
    Type '{ children: (string | Element)[]; title: string; }' is not assignable to type 'IntrinsicAttributes & IntrinsicClassAttributes<SectionComponent> & Readonly<{ title: string; zIndex?: number | undefined; }>'.
      Property 'children' does not exist on type 'IntrinsicAttributes & IntrinsicClassAttributes<SectionComponent> & Readonly<{ title: string; zIndex?: number | undefined; }>'.
  Overload 2 of 2, '(props: { title: string; zIndex?: number | undefined; }, context: any): SectionComponent', gave the following error.
    Type '{ children: (string | Element)[]; title: string; }' is not assignable to type 'IntrinsicAttributes & IntrinsicClassAttributes<SectionComponent> & Readonly<{ title: string; zIndex?: number | undefined; }>'.
      Property 'children' does not exist on type 'IntrinsicAttributes & IntrinsicClassAttributes<SectionComponent> & Readonly<{ title: string; zIndex?: number | undefined; }>'.

[7m49[0m     <SectionComponent title={text(`patient appointments`).h}>
[7m  [0m [91m     ~~~~~~~~~~~~~~~~[0m


[96msrc/modules/patients/components/patient-appointments.tsx[0m:[93m147[0m:[93m7[0m - [91merror[0m[90m TS2769: [0mNo overload matches this call.
  Overload 1 of 2, '(props: { title: string; zIndex?: number | undefined; }): SectionComponent', gave the following error.
    Type '{ children: Element; title: string; }' is not assignable to type 'IntrinsicAttributes & IntrinsicClassAttributes<SectionComponent> & Readonly<{ title: string; zIndex?: number | undefined; }>'.
      Property 'children' does not exist on type 'IntrinsicAttributes & IntrinsicClassAttributes<SectionComponent> & Readonly<{ title: string; zIndex?: number | undefined; }>'.
  Overload 2 of 2, '(props: { title: string; zIndex?: number | undefined; }, context: any): SectionComponent', gave the following error.
    Type '{ children: Element; title: string; }' is not assignable to type 'IntrinsicAttributes & IntrinsicClassAttributes<SectionComponent> & Readonly<{ title: string; zIndex?: number | undefined; }>'.
      Property 'children' does not exist on type 'IntrinsicAttributes & IntrinsicClassAttributes<SectionComponent> & Readonly<{ title: string; zIndex?: number | undefined; }>'.

[7m147[0m      <SectionComponent
[7m   [0m [91m      ~~~~~~~~~~~~~~~~[0m


[96msrc/modules/patients/components/patient-details.tsx[0m:[93m39[0m:[93m6[0m - [91merror[0m[90m TS2769: [0mNo overload matches this call.
  Overload 1 of 2, '(props: { title: string; zIndex?: number | undefined; }): SectionComponent', gave the following error.
    Type '{ children: Element[]; title: string; }' is not assignable to type 'IntrinsicAttributes & IntrinsicClassAttributes<SectionComponent> & Readonly<{ title: string; zIndex?: number | undefined; }>'.
      Property 'children' does not exist on type 'IntrinsicAttributes & IntrinsicClassAttributes<SectionComponent> & Readonly<{ title: string; zIndex?: number | undefined; }>'.
  Overload 2 of 2, '(props: { title: string; zIndex?: number | undefined; }, context: any): SectionComponent', gave the following error.
    Type '{ children: Element[]; title: string; }' is not assignable to type 'IntrinsicAttributes & IntrinsicClassAttributes<SectionComponent> & Readonly<{ title: string; zIndex?: number | undefined; }>'.
      Property 'children' does not exist on type 'IntrinsicAttributes & IntrinsicClassAttributes<SectionComponent> & Readonly<{ title: string; zIndex?: number | undefined; }>'.

[7m39[0m     <SectionComponent title={text(`basic info`).h}>
[7m  [0m [91m     ~~~~~~~~~~~~~~~~[0m


[96msrc/modules/prescriptions/components/page.prescriptions.tsx[0m:[93m225[0m:[93m10[0m - [91merror[0m[90m TS2769: [0mNo overload matches this call.
  Overload 1 of 2, '(props: { title: string; zIndex?: number | undefined; }): SectionComponent', gave the following error.
    Type '{ children: Element[]; title: string; }' is not assignable to type 'IntrinsicAttributes & IntrinsicClassAttributes<SectionComponent> & Readonly<{ title: string; zIndex?: number | undefined; }>'.
      Property 'children' does not exist on type 'IntrinsicAttributes & IntrinsicClassAttributes<SectionComponent> & Readonly<{ title: string; zIndex?: number | undefined; }>'.
  Overload 2 of 2, '(props: { title: string; zIndex?: number | undefined; }, context: any): SectionComponent', gave the following error.
    Type '{ children: Element[]; title: string; }' is not assignable to type 'IntrinsicAttributes & IntrinsicClassAttributes<SectionComponent> & Readonly<{ title: string; zIndex?: number | undefined; }>'.
      Property 'children' does not exist on type 'IntrinsicAttributes & IntrinsicClassAttributes<SectionComponent> & Readonly<{ title: string; zIndex?: number | undefined; }>'.

[7m225[0m         <SectionComponent
[7m   [0m [91m         ~~~~~~~~~~~~~~~~[0m


[96msrc/modules/settings/components/page.settings.tsx[0m:[93m99[0m:[93m10[0m - [91merror[0m[90m TS2769: [0mNo overload matches this call.
  Overload 1 of 2, '(props: { title: string; zIndex?: number | undefined; }): SectionComponent', gave the following error.
    Type '{ children: (string | Element)[]; title: string; }' is not assignable to type 'IntrinsicAttributes & IntrinsicClassAttributes<SectionComponent> & Readonly<{ title: string; zIndex?: number | undefined; }>'.
      Property 'children' does not exist on type 'IntrinsicAttributes & IntrinsicClassAttributes<SectionComponent> & Readonly<{ title: string; zIndex?: number | undefined; }>'.
  Overload 2 of 2, '(props: { title: string; zIndex?: number | undefined; }, context: any): SectionComponent', gave the following error.
    Type '{ children: (string | Element)[]; title: string; }' is not assignable to type 'IntrinsicAttributes & IntrinsicClassAttributes<SectionComponent> & Readonly<{ title: string; zIndex?: number | undefined; }>'.
      Property 'children' does not exist on type 'IntrinsicAttributes & IntrinsicClassAttributes<SectionComponent> & Readonly<{ title: string; zIndex?: number | undefined; }>'.

[7m99[0m         <SectionComponent
[7m  [0m [91m         ~~~~~~~~~~~~~~~~[0m


[96msrc/modules/settings/components/page.settings.tsx[0m:[93m235[0m:[93m10[0m - [91merror[0m[90m TS2769: [0mNo overload matches this call.
  Overload 1 of 2, '(props: { title: string; zIndex?: number | undefined; }): SectionComponent', gave the following error.
    Type '{ children: (string | Element)[]; title: string; }' is not assignable to type 'IntrinsicAttributes & IntrinsicClassAttributes<SectionComponent> & Readonly<{ title: string; zIndex?: number | undefined; }>'.
      Property 'children' does not exist on type 'IntrinsicAttributes & IntrinsicClassAttributes<SectionComponent> & Readonly<{ title: string; zIndex?: number | undefined; }>'.
  Overload 2 of 2, '(props: { title: string; zIndex?: number | undefined; }, context: any): SectionComponent', gave the following error.
    Type '{ children: (string | Element)[]; title: string; }' is not assignable to type 'IntrinsicAttributes & IntrinsicClassAttributes<SectionComponent> & Readonly<{ title: string; zIndex?: number | undefined; }>'.
      Property 'children' does not exist on type 'IntrinsicAttributes & IntrinsicClassAttributes<SectionComponent> & Readonly<{ title: string; zIndex?: number | undefined; }>'.

[7m235[0m         <SectionComponent
[7m   [0m [91m         ~~~~~~~~~~~~~~~~[0m


[96msrc/modules/settings/components/page.settings.tsx[0m:[93m298[0m:[93m10[0m - [91merror[0m[90m TS2769: [0mNo overload matches this call.
  Overload 1 of 2, '(props: { title: string; zIndex?: number | undefined; }): SectionComponent', gave the following error.
    Type '{ children: Element[]; title: string; }' is not assignable to type 'IntrinsicAttributes & IntrinsicClassAttributes<SectionComponent> & Readonly<{ title: string; zIndex?: number | undefined; }>'.
      Property 'children' does not exist on type 'IntrinsicAttributes & IntrinsicClassAttributes<SectionComponent> & Readonly<{ title: string; zIndex?: number | undefined; }>'.
  Overload 2 of 2, '(props: { title: string; zIndex?: number | undefined; }, context: any): SectionComponent', gave the following error.
    Type '{ children: Element[]; title: string; }' is not assignable to type 'IntrinsicAttributes & IntrinsicClassAttributes<SectionComponent> & Readonly<{ title: string; zIndex?: number | undefined; }>'.
      Property 'children' does not exist on type 'IntrinsicAttributes & IntrinsicClassAttributes<SectionComponent> & Readonly<{ title: string; zIndex?: number | undefined; }>'.

[7m298[0m         <SectionComponent
[7m   [0m [91m         ~~~~~~~~~~~~~~~~[0m


[96msrc/modules/settings/components/page.settings.tsx[0m:[93m413[0m:[93m10[0m - [91merror[0m[90m TS2769: [0mNo overload matches this call.
  Overload 1 of 2, '(props: { title: string; zIndex?: number | undefined; }): SectionComponent', gave the following error.
    Type '{ children: Element; title: string; }' is not assignable to type 'IntrinsicAttributes & IntrinsicClassAttributes<SectionComponent> & Readonly<{ title: string; zIndex?: number | undefined; }>'.
      Property 'children' does not exist on type 'IntrinsicAttributes & IntrinsicClassAttributes<SectionComponent> & Readonly<{ title: string; zIndex?: number | undefined; }>'.
  Overload 2 of 2, '(props: { title: string; zIndex?: number | undefined; }, context: any): SectionComponent', gave the following error.
    Type '{ children: Element; title: string; }' is not assignable to type 'IntrinsicAttributes & IntrinsicClassAttributes<SectionComponent> & Readonly<{ title: string; zIndex?: number | undefined; }>'.
      Property 'children' does not exist on type 'IntrinsicAttributes & IntrinsicClassAttributes<SectionComponent> & Readonly<{ title: string; zIndex?: number | undefined; }>'.

[7m413[0m         <SectionComponent
[7m   [0m [91m         ~~~~~~~~~~~~~~~~[0m


[96msrc/modules/settings/components/page.settings.tsx[0m:[93m488[0m:[93m10[0m - [91merror[0m[90m TS2769: [0mNo overload matches this call.
  Overload 1 of 2, '(props: { title: string; zIndex?: number | undefined; }): SectionComponent', gave the following error.
    Type '{ children: Element | Element[]; title: string; }' is not assignable to type 'IntrinsicAttributes & IntrinsicClassAttributes<SectionComponent> & Readonly<{ title: string; zIndex?: number | undefined; }>'.
      Property 'children' does not exist on type 'IntrinsicAttributes & IntrinsicClassAttributes<SectionComponent> & Readonly<{ title: string; zIndex?: number | undefined; }>'.
  Overload 2 of 2, '(props: { title: string; zIndex?: number | undefined; }, context: any): SectionComponent', gave the following error.
    Type '{ children: Element | Element[]; title: string; }' is not assignable to type 'IntrinsicAttributes & IntrinsicClassAttributes<SectionComponent> & Readonly<{ title: string; zIndex?: number | undefined; }>'.
      Property 'children' does not exist on type 'IntrinsicAttributes & IntrinsicClassAttributes<SectionComponent> & Readonly<{ title: string; zIndex?: number | undefined; }>'.

[7m488[0m         <SectionComponent
[7m   [0m [91m         ~~~~~~~~~~~~~~~~[0m


[96msrc/modules/staff/components/page.staff.tsx[0m:[93m278[0m:[93m11[0m - [91merror[0m[90m TS2769: [0mNo overload matches this call.
  Overload 1 of 2, '(props: { title: string; zIndex?: number | undefined; }): SectionComponent', gave the following error.
    Type '{ children: Element[]; title: string; }' is not assignable to type 'IntrinsicAttributes & IntrinsicClassAttributes<SectionComponent> & Readonly<{ title: string; zIndex?: number | undefined; }>'.
      Property 'children' does not exist on type 'IntrinsicAttributes & IntrinsicClassAttributes<SectionComponent> & Readonly<{ title: string; zIndex?: number | undefined; }>'.
  Overload 2 of 2, '(props: { title: string; zIndex?: number | undefined; }, context: any): SectionComponent', gave the following error.
    Type '{ children: Element[]; title: string; }' is not assignable to type 'IntrinsicAttributes & IntrinsicClassAttributes<SectionComponent> & Readonly<{ title: string; zIndex?: number | undefined; }>'.
      Property 'children' does not exist on type 'IntrinsicAttributes & IntrinsicClassAttributes<SectionComponent> & Readonly<{ title: string; zIndex?: number | undefined; }>'.

[7m278[0m          <SectionComponent
[7m   [0m [91m          ~~~~~~~~~~~~~~~~[0m


[96msrc/modules/staff/components/page.staff.tsx[0m:[93m363[0m:[93m11[0m - [91merror[0m[90m TS2769: [0mNo overload matches this call.
  Overload 1 of 2, '(props: { title: string; zIndex?: number | undefined; }): SectionComponent', gave the following error.
    Type '{ children: Element; title: string; }' is not assignable to type 'IntrinsicAttributes & IntrinsicClassAttributes<SectionComponent> & Readonly<{ title: string; zIndex?: number | undefined; }>'.
      Property 'children' does not exist on type 'IntrinsicAttributes & IntrinsicClassAttributes<SectionComponent> & Readonly<{ title: string; zIndex?: number | undefined; }>'.
  Overload 2 of 2, '(props: { title: string; zIndex?: number | undefined; }, context: any): SectionComponent', gave the following error.
    Type '{ children: Element; title: string; }' is not assignable to type 'IntrinsicAttributes & IntrinsicClassAttributes<SectionComponent> & Readonly<{ title: string; zIndex?: number | undefined; }>'.
      Property 'children' does not exist on type 'IntrinsicAttributes & IntrinsicClassAttributes<SectionComponent> & Readonly<{ title: string; zIndex?: number | undefined; }>'.

[7m363[0m          <SectionComponent
[7m   [0m [91m          ~~~~~~~~~~~~~~~~[0m


[96msrc/modules/staff/components/page.staff.tsx[0m:[93m415[0m:[93m12[0m - [91merror[0m[90m TS2769: [0mNo overload matches this call.
  Overload 1 of 2, '(props: { title: string; zIndex?: number | undefined; }): SectionComponent', gave the following error.
    Type '{ children: Element[]; title: string; }' is not assignable to type 'IntrinsicAttributes & IntrinsicClassAttributes<SectionComponent> & Readonly<{ title: string; zIndex?: number | undefined; }>'.
      Property 'children' does not exist on type 'IntrinsicAttributes & IntrinsicClassAttributes<SectionComponent> & Readonly<{ title: string; zIndex?: number | undefined; }>'.
  Overload 2 of 2, '(props: { title: string; zIndex?: number | undefined; }, context: any): SectionComponent', gave the following error.
    Type '{ children: Element[]; title: string; }' is not assignable to type 'IntrinsicAttributes & IntrinsicClassAttributes<SectionComponent> & Readonly<{ title: string; zIndex?: number | undefined; }>'.
      Property 'children' does not exist on type 'IntrinsicAttributes & IntrinsicClassAttributes<SectionComponent> & Readonly<{ title: string; zIndex?: number | undefined; }>'.

[7m415[0m           <SectionComponent
[7m   [0m [91m           ~~~~~~~~~~~~~~~~[0m


[96msrc/modules/staff/components/page.staff.tsx[0m:[93m452[0m:[93m11[0m - [91merror[0m[90m TS2769: [0mNo overload matches this call.
  Overload 1 of 2, '(props: { title: string; zIndex?: number | undefined; }): SectionComponent', gave the following error.
    Type '{ children: (string | Element)[]; title: string; }' is not assignable to type 'IntrinsicAttributes & IntrinsicClassAttributes<SectionComponent> & Readonly<{ title: string; zIndex?: number | undefined; }>'.
      Property 'children' does not exist on type 'IntrinsicAttributes & IntrinsicClassAttributes<SectionComponent> & Readonly<{ title: string; zIndex?: number | undefined; }>'.
  Overload 2 of 2, '(props: { title: string; zIndex?: number | undefined; }, context: any): SectionComponent', gave the following error.
    Type '{ children: (string | Element)[]; title: string; }' is not assignable to type 'IntrinsicAttributes & IntrinsicClassAttributes<SectionComponent> & Readonly<{ title: string; zIndex?: number | undefined; }>'.
      Property 'children' does not exist on type 'IntrinsicAttributes & IntrinsicClassAttributes<SectionComponent> & Readonly<{ title: string; zIndex?: number | undefined; }>'.

[7m452[0m          <SectionComponent
[7m   [0m [91m          ~~~~~~~~~~~~~~~~[0m


[96msrc/modules/staff/components/page.staff.tsx[0m:[93m969[0m:[93m10[0m - [91merror[0m[90m TS2769: [0mNo overload matches this call.
  Overload 1 of 2, '(props: { title: string; zIndex?: number | undefined; }): SectionComponent', gave the following error.
    Type '{ children: Element; title: string; }' is not assignable to type 'IntrinsicAttributes & IntrinsicClassAttributes<SectionComponent> & Readonly<{ title: string; zIndex?: number | undefined; }>'.
      Property 'children' does not exist on type 'IntrinsicAttributes & IntrinsicClassAttributes<SectionComponent> & Readonly<{ title: string; zIndex?: number | undefined; }>'.
  Overload 2 of 2, '(props: { title: string; zIndex?: number | undefined; }, context: any): SectionComponent', gave the following error.
    Type '{ children: Element; title: string; }' is not assignable to type 'IntrinsicAttributes & IntrinsicClassAttributes<SectionComponent> & Readonly<{ title: string; zIndex?: number | undefined; }>'.
      Property 'children' does not exist on type 'IntrinsicAttributes & IntrinsicClassAttributes<SectionComponent> & Readonly<{ title: string; zIndex?: number | undefined; }>'.

[7m969[0m         <SectionComponent
[7m   [0m [91m         ~~~~~~~~~~~~~~~~[0m


[96msrc/modules/statistics/components/page.statistics.tsx[0m:[93m379[0m:[93m9[0m - [91merror[0m[90m TS2769: [0mNo overload matches this call.
  Overload 1 of 2, '(props: { title: string; zIndex?: number | undefined; }): SectionComponent', gave the following error.
    Type '{ children: Element; title: string; }' is not assignable to type 'IntrinsicAttributes & IntrinsicClassAttributes<SectionComponent> & Readonly<{ title: string; zIndex?: number | undefined; }>'.
      Property 'children' does not exist on type 'IntrinsicAttributes & IntrinsicClassAttributes<SectionComponent> & Readonly<{ title: string; zIndex?: number | undefined; }>'.
  Overload 2 of 2, '(props: { title: string; zIndex?: number | undefined; }, context: any): SectionComponent', gave the following error.
    Type '{ children: Element; title: string; }' is not assignable to type 'IntrinsicAttributes & IntrinsicClassAttributes<SectionComponent> & Readonly<{ title: string; zIndex?: number | undefined; }>'.
      Property 'children' does not exist on type 'IntrinsicAttributes & IntrinsicClassAttributes<SectionComponent> & Readonly<{ title: string; zIndex?: number | undefined; }>'.

[7m379[0m        <SectionComponent
[7m   [0m [91m        ~~~~~~~~~~~~~~~~[0m


[96msrc/modules/statistics/components/page.statistics.tsx[0m:[93m392[0m:[93m9[0m - [91merror[0m[90m TS2769: [0mNo overload matches this call.
  Overload 1 of 2, '(props: { title: string; zIndex?: number | undefined; }): SectionComponent', gave the following error.
    Type '{ children: Element; title: string; }' is not assignable to type 'IntrinsicAttributes & IntrinsicClassAttributes<SectionComponent> & Readonly<{ title: string; zIndex?: number | undefined; }>'.
      Property 'children' does not exist on type 'IntrinsicAttributes & IntrinsicClassAttributes<SectionComponent> & Readonly<{ title: string; zIndex?: number | undefined; }>'.
  Overload 2 of 2, '(props: { title: string; zIndex?: number | undefined; }, context: any): SectionComponent', gave the following error.
    Type '{ children: Element; title: string; }' is not assignable to type 'IntrinsicAttributes & IntrinsicClassAttributes<SectionComponent> & Readonly<{ title: string; zIndex?: number | undefined; }>'.
      Property 'children' does not exist on type 'IntrinsicAttributes & IntrinsicClassAttributes<SectionComponent> & Readonly<{ title: string; zIndex?: number | undefined; }>'.

[7m392[0m        <SectionComponent
[7m   [0m [91m        ~~~~~~~~~~~~~~~~[0m


[96msrc/modules/statistics/components/page.statistics.tsx[0m:[93m407[0m:[93m9[0m - [91merror[0m[90m TS2769: [0mNo overload matches this call.
  Overload 1 of 2, '(props: { title: string; zIndex?: number | undefined; }): SectionComponent', gave the following error.
    Type '{ children: Element; title: string; }' is not assignable to type 'IntrinsicAttributes & IntrinsicClassAttributes<SectionComponent> & Readonly<{ title: string; zIndex?: number | undefined; }>'.
      Property 'children' does not exist on type 'IntrinsicAttributes & IntrinsicClassAttributes<SectionComponent> & Readonly<{ title: string; zIndex?: number | undefined; }>'.
  Overload 2 of 2, '(props: { title: string; zIndex?: number | undefined; }, context: any): SectionComponent', gave the following error.
    Type '{ children: Element; title: string; }' is not assignable to type 'IntrinsicAttributes & IntrinsicClassAttributes<SectionComponent> & Readonly<{ title: string; zIndex?: number | undefined; }>'.
      Property 'children' does not exist on type 'IntrinsicAttributes & IntrinsicClassAttributes<SectionComponent> & Readonly<{ title: string; zIndex?: number | undefined; }>'.

[7m407[0m        <SectionComponent
[7m   [0m [91m        ~~~~~~~~~~~~~~~~[0m


[96msrc/modules/statistics/components/page.statistics.tsx[0m:[93m419[0m:[93m9[0m - [91merror[0m[90m TS2769: [0mNo overload matches this call.
  Overload 1 of 2, '(props: { title: string; zIndex?: number | undefined; }): SectionComponent', gave the following error.
    Type '{ children: Element; title: string; }' is not assignable to type 'IntrinsicAttributes & IntrinsicClassAttributes<SectionComponent> & Readonly<{ title: string; zIndex?: number | undefined; }>'.
      Property 'children' does not exist on type 'IntrinsicAttributes & IntrinsicClassAttributes<SectionComponent> & Readonly<{ title: string; zIndex?: number | undefined; }>'.
  Overload 2 of 2, '(props: { title: string; zIndex?: number | undefined; }, context: any): SectionComponent', gave the following error.
    Type '{ children: Element; title: string; }' is not assignable to type 'IntrinsicAttributes & IntrinsicClassAttributes<SectionComponent> & Readonly<{ title: string; zIndex?: number | undefined; }>'.
      Property 'children' does not exist on type 'IntrinsicAttributes & IntrinsicClassAttributes<SectionComponent> & Readonly<{ title: string; zIndex?: number | undefined; }>'.

[7m419[0m        <SectionComponent
[7m   [0m [91m        ~~~~~~~~~~~~~~~~[0m


[96msrc/modules/statistics/components/page.statistics.tsx[0m:[93m431[0m:[93m9[0m - [91merror[0m[90m TS2769: [0mNo overload matches this call.
  Overload 1 of 2, '(props: { title: string; zIndex?: number | undefined; }): SectionComponent', gave the following error.
    Type '{ children: Element; title: string; }' is not assignable to type 'IntrinsicAttributes & IntrinsicClassAttributes<SectionComponent> & Readonly<{ title: string; zIndex?: number | undefined; }>'.
      Property 'children' does not exist on type 'IntrinsicAttributes & IntrinsicClassAttributes<SectionComponent> & Readonly<{ title: string; zIndex?: number | undefined; }>'.
  Overload 2 of 2, '(props: { title: string; zIndex?: number | undefined; }, context: any): SectionComponent', gave the following error.
    Type '{ children: Element; title: string; }' is not assignable to type 'IntrinsicAttributes & IntrinsicClassAttributes<SectionComponent> & Readonly<{ title: string; zIndex?: number | undefined; }>'.
      Property 'children' does not exist on type 'IntrinsicAttributes & IntrinsicClassAttributes<SectionComponent> & Readonly<{ title: string; zIndex?: number | undefined; }>'.

[7m431[0m        <SectionComponent
[7m   [0m [91m        ~~~~~~~~~~~~~~~~[0m


[96msrc/modules/statistics/components/page.statistics.tsx[0m:[93m443[0m:[93m9[0m - [91merror[0m[90m TS2769: [0mNo overload matches this call.
  Overload 1 of 2, '(props: { title: string; zIndex?: number | undefined; }): SectionComponent', gave the following error.
    Type '{ children: Element; title: string; }' is not assignable to type 'IntrinsicAttributes & IntrinsicClassAttributes<SectionComponent> & Readonly<{ title: string; zIndex?: number | undefined; }>'.
      Property 'children' does not exist on type 'IntrinsicAttributes & IntrinsicClassAttributes<SectionComponent> & Readonly<{ title: string; zIndex?: number | undefined; }>'.
  Overload 2 of 2, '(props: { title: string; zIndex?: number | undefined; }, context: any): SectionComponent', gave the following error.
    Type '{ children: Element; title: string; }' is not assignable to type 'IntrinsicAttributes & IntrinsicClassAttributes<SectionComponent> & Readonly<{ title: string; zIndex?: number | undefined; }>'.
      Property 'children' does not exist on type 'IntrinsicAttributes & IntrinsicClassAttributes<SectionComponent> & Readonly<{ title: string; zIndex?: number | undefined; }>'.

[7m443[0m        <SectionComponent
[7m   [0m [91m        ~~~~~~~~~~~~~~~~[0m


[96msrc/modules/statistics/components/page.statistics.tsx[0m:[93m455[0m:[93m9[0m - [91merror[0m[90m TS2769: [0mNo overload matches this call.
  Overload 1 of 2, '(props: { title: string; zIndex?: number | undefined; }): SectionComponent', gave the following error.
    Type '{ children: Element; title: string; }' is not assignable to type 'IntrinsicAttributes & IntrinsicClassAttributes<SectionComponent> & Readonly<{ title: string; zIndex?: number | undefined; }>'.
      Property 'children' does not exist on type 'IntrinsicAttributes & IntrinsicClassAttributes<SectionComponent> & Readonly<{ title: string; zIndex?: number | undefined; }>'.
  Overload 2 of 2, '(props: { title: string; zIndex?: number | undefined; }, context: any): SectionComponent', gave the following error.
    Type '{ children: Element; title: string; }' is not assignable to type 'IntrinsicAttributes & IntrinsicClassAttributes<SectionComponent> & Readonly<{ title: string; zIndex?: number | undefined; }>'.
      Property 'children' does not exist on type 'IntrinsicAttributes & IntrinsicClassAttributes<SectionComponent> & Readonly<{ title: string; zIndex?: number | undefined; }>'.

[7m455[0m        <SectionComponent
[7m   [0m [91m        ~~~~~~~~~~~~~~~~[0m


[96msrc/modules/statistics/components/page.statistics.tsx[0m:[93m467[0m:[93m9[0m - [91merror[0m[90m TS2769: [0mNo overload matches this call.
  Overload 1 of 2, '(props: { title: string; zIndex?: number | undefined; }): SectionComponent', gave the following error.
    Type '{ children: Element; title: string; }' is not assignable to type 'IntrinsicAttributes & IntrinsicClassAttributes<SectionComponent> & Readonly<{ title: string; zIndex?: number | undefined; }>'.
      Property 'children' does not exist on type 'IntrinsicAttributes & IntrinsicClassAttributes<SectionComponent> & Readonly<{ title: string; zIndex?: number | undefined; }>'.
  Overload 2 of 2, '(props: { title: string; zIndex?: number | undefined; }, context: any): SectionComponent', gave the following error.
    Type '{ children: Element; title: string; }' is not assignable to type 'IntrinsicAttributes & IntrinsicClassAttributes<SectionComponent> & Readonly<{ title: string; zIndex?: number | undefined; }>'.
      Property 'children' does not exist on type 'IntrinsicAttributes & IntrinsicClassAttributes<SectionComponent> & Readonly<{ title: string; zIndex?: number | undefined; }>'.

[7m467[0m        <SectionComponent title={text("patients' age").h}>
[7m   [0m [91m        ~~~~~~~~~~~~~~~~[0m


[96msrc/modules/treatments/components/page.treatments.tsx[0m:[93m231[0m:[93m10[0m - [91merror[0m[90m TS2769: [0mNo overload matches this call.
  Overload 1 of 2, '(props: { title: string; zIndex?: number | undefined; }): SectionComponent', gave the following error.
    Type '{ children: Element; title: string; }' is not assignable to type 'IntrinsicAttributes & IntrinsicClassAttributes<SectionComponent> & Readonly<{ title: string; zIndex?: number | undefined; }>'.
      Property 'children' does not exist on type 'IntrinsicAttributes & IntrinsicClassAttributes<SectionComponent> & Readonly<{ title: string; zIndex?: number | undefined; }>'.
  Overload 2 of 2, '(props: { title: string; zIndex?: number | undefined; }, context: any): SectionComponent', gave the following error.
    Type '{ children: Element; title: string; }' is not assignable to type 'IntrinsicAttributes & IntrinsicClassAttributes<SectionComponent> & Readonly<{ title: string; zIndex?: number | undefined; }>'.
      Property 'children' does not exist on type 'IntrinsicAttributes & IntrinsicClassAttributes<SectionComponent> & Readonly<{ title: string; zIndex?: number | undefined; }>'.

[7m231[0m         <SectionComponent
[7m   [0m [91m         ~~~~~~~~~~~~~~~~[0m


[96msrc/utils/is-online.test.ts[0m:[93m7[0m:[93m22[0m - [91merror[0m[90m TS2345: [0mArgument of type '(done: DoneCallback) => Promise<void>' is not assignable to parameter of type 'ProvidesCallback | undefined'.
  Type '(done: DoneCallback) => Promise<void>' is not assignable to type '(cb: DoneCallback) => void | undefined'.
    Type 'Promise<void>' is not assignable to type 'void'.

[7m7[0m  it("online server", async done => {
[7m [0m [91m                     ~~~~~~~~~~~~~~~[0m

[96msrc/utils/is-online.test.ts[0m:[93m13[0m:[93m23[0m - [91merror[0m[90m TS2345: [0mArgument of type '(done: DoneCallback) => Promise<void>' is not assignable to parameter of type 'ProvidesCallback | undefined'.
  Type '(done: DoneCallback) => Promise<void>' is not assignable to type '(cb: DoneCallback) => void | undefined'.
    Type 'Promise<void>' is not assignable to type 'void'.

[7m13[0m  it("offline server", async done => {
[7m  [0m [91m                      ~~~~~~~~~~~~~~~[0m


Found 63 errors in 23 files.

Errors  Files
     1  mocks/browser-mocks.ts[90m:3[0m
     1  src/app.tsx[90m:32[0m
     2  src/common-components/pick-files/crop.tsx[90m:16[0m
     1  src/common-components/pick-files/pick-files.tsx[90m:141[0m
     1  src/common-components/section.tsx[90m:39[0m
    14  src/core/db/index.ts[90m:99[0m
     1  src/core/internationalization/lang.test.ts[90m:7[0m
     2  src/core/services/files.test.ts[90m:1[0m
     1  src/core/services/files.ts[90m:270[0m
     2  src/main-components/main.tsx[90m:59[0m
     2  src/main-components/user.tsx[90m:78[0m
     2  src/modules/appointments/components/appointment-editor.tsx[90m:244[0m
     2  src/modules/labwork/components/page.labwork.tsx[90m:320[0m
     4  src/modules/patients/components/dental-history.tsx[90m:64[0m
     2  src/modules/patients/components/gallery.tsx[90m:55[0m
     2  src/modules/patients/components/patient-appointments.tsx[90m:49[0m
     1  src/modules/patients/components/patient-details.tsx[90m:39[0m
     1  src/modules/prescriptions/components/page.prescriptions.tsx[90m:225[0m
     5  src/modules/settings/components/page.settings.tsx[90m:99[0m
     5  src/modules/staff/components/page.staff.tsx[90m:278[0m
     8  src/modules/statistics/components/page.statistics.tsx[90m:379[0m
     1  src/modules/treatments/components/page.treatments.tsx[90m:231[0m
     2  src/utils/is-online.test.ts[90m:7[0m
